// Jest Snapshot v1, https://goo.gl/fbAQLP

exports[`App Renders Correctly 1`] = `
<div
  className="container-fluid"
>
  <div
    className="container"
  >
    <div>
      <section
        className="header"
      >
        <div
          className="header__logo-box"
        >
          <svg
            color="#450404"
            fill="currentColor"
            height={50}
            stroke="currentColor"
            strokeWidth="0"
            style={
              Object {
                "color": "#450404",
              }
            }
            version="1.1"
            viewBox="0 0 16 16"
            width={50}
            xmlns="http://www.w3.org/2000/svg"
          >
            <path
              d="M3.5 0c-1.657 0-3 1.567-3 3.5 0 1.655 0.985 3.042 2.308 3.406l-0.497 8.096c-0.034 0.549 0.389 0.998 0.939 0.998h0.5c0.55 0 0.972-0.449 0.939-0.998l-0.497-8.096c1.323-0.365 2.308-1.751 2.308-3.406 0-1.933-1.343-3.5-3-3.5zM13.583 0l-0.833 5h-0.625l-0.417-5h-0.417l-0.417 5h-0.625l-0.833-5h-0.417v6.5c0 0.276 0.224 0.5 0.5 0.5h1.302l-0.491 8.002c-0.034 0.549 0.389 0.998 0.939 0.998h0.5c0.55 0 0.972-0.449 0.939-0.998l-0.491-8.002h1.302c0.276 0 0.5-0.224 0.5-0.5v-6.5h-0.417z"
            />
          </svg>
          <span
            className="logo_title"
          >
             Meals DB
          </span>
        </div>
        <ul
          className="nav-link"
        >
          <li>
            <a
              href="/"
              onClick={[Function]}
            >
              Home
            </a>
          </li>
          <li>
            <a
              href="/category"
              onClick={[Function]}
            >
              Category
            </a>
          </li>
          <li>
            <a
              href="/about"
              onClick={[Function]}
            >
              About API
            </a>
          </li>
        </ul>
        <div
          className="mobile-logo"
        >
          <svg
            fill="currentColor"
            height={20}
            stroke="currentColor"
            strokeWidth="0"
            style={
              Object {
                "color": undefined,
              }
            }
            version="1.1"
            viewBox="0 0 16 16"
            width={20}
            xmlns="http://www.w3.org/2000/svg"
          >
            <path
              d="M0 1h16v2h-16zM0 4h16v2h-16zM0 7h16v2h-16zM0 10h16v2h-16zM0 13h16v2h-16z"
            />
          </svg>
        </div>
      </section>
    </div>
    <div
      className="meals-bg"
    >
      <div
        className="meal-header"
      >
        <h1>
          Meals
        </h1>
        <input
          onChange={[Function]}
          placeholder="Search Meal"
          type="search"
          value={Array []}
        />
        <select
          onChange={[Function]}
          value=""
        >
          <option
            value="All"
          >
            All Meals
          </option>
        </select>
      </div>
      <div
        className="grid-container"
      />
    </div>
    <div
      className="footer"
    >
      <div>
        @copywrite Meal Finder 2022
      </div>
    </div>
  </div>
</div>
`;
