// Jest Snapshot v1, https://goo.gl/fbAQLP

exports[`Renders meals correctly 1`] = `
<div
  className="meals-bg"
>
  <div
    className="category-header"
  >
    <h1>
      Categories
    </h1>
    <br />
    <hr />
    <table>
      <thead>
        <tr>
          <th>
            ID
          </th>
          <th>
            Category
          </th>
          <th>
            Image
          </th>
          <th>
            Description
          </th>
        </tr>
      </thead>
      <tbody />
    </table>
  </div>
</div>
`;
